批次 20 份

202402_5835_AI3 國泰: T✅  O✅  A✅
202402_5836_AI3 富邦: T✅  O✅  A✅
202402_5841_AI3 中信: T✅  O✅  A✅
202402_5843_AI3 兆豐: T✅  O✅  A✅
202402_5847_AI3 玉山: T✅  O✅  A✅
202404_5835_AI3 國泰: T✅  O✅  A✅
202404_5836_AI3 富邦: T✅⚠桶  O✅⚠桶  A✅
202404_5841_AI3 中信: T✅⚠桶  O✅⚠桶  A✅
202404_5843_AI3 兆豐: T✅⚠桶  O✅⚠桶  A✅
202404_5847_AI3 玉山: T✅  O✅  A✅
202502_5835_AI3 國泰: T✅  O✅  A✅
202502_5836_AI3 富邦: T✅  O✅  A✅
202502_5841_AI3 中信: T✅  O✅  A✅
202502_5843_AI3 兆豐: T✅  O✅  A✅
202502_5847_AI3 玉山: T✅  O✅  A✅
202504_5835_AI3 國泰: T✅  O✅  A✅
202504_5836_AI3 富邦: T✅⚠桶  O✅⚠桶  A✅
202504_5841_AI3 中信: T✅⚠桶  O✅⚠桶  A✅
202504_5843_AI3 兆豐: T✅⚠桶  O✅⚠桶  A✅
202504_5847_AI3 玉山: T✅⚠桶  O✅  A✅

通過 60/60 格
