批次 62 份

202102_5835_AI3 國泰: T✅  O✅  A✅
202102_5836_AI3 富邦: T✅  O✅  A✅
202102_5841_AI3 中信: T❌cross  O✅  A✅
202102_5843_AI3 兆豐: T✅  O✅  A✅
202102_5847_AI3 玉山: T✅  O✅  A✅
202104_5835_AI3 國泰: T✅  O~  A✅
202104_5836_AI3 富邦: T❌cross  O✅  A✅
202104_5841_AI3 中信: T✅  O✅  A✅
202104_5843_AI3 兆豐: T✅  O✅  A✅
202104_5847_AI3 玉山: T~  O~  A✅
202202_5835_AI3 國泰: T✅  O✅  A✅
202202_5836_AI3 富邦: T❌cross  O❌cross  A✅
202202_5841_AI3 中信: T✅  O✅  A✅
202202_5843_AI3 兆豐: T✅  O✅  A✅
202202_5847_AI3 玉山: T✅  O✅  A✅
202204_5835_AI3 國泰: T~  O~  A✅
Ignoring wrong pointing object 868 0 (offset 0)
Ignoring wrong pointing object 869 0 (offset 0)
Ignoring wrong pointing object 870 0 (offset 0)
Ignoring wrong pointing object 871 0 (offset 0)
Ignoring wrong pointing object 872 0 (offset 0)
Ignoring wrong pointing object 868 0 (offset 0)
Ignoring wrong pointing object 869 0 (offset 0)
Ignoring wrong pointing object 870 0 (offset 0)
Ignoring wrong pointing object 871 0 (offset 0)
Ignoring wrong pointing object 872 0 (offset 0)
Ignoring wrong pointing object 868 0 (offset 0)
Ignoring wrong pointing object 869 0 (offset 0)
Ignoring wrong pointing object 870 0 (offset 0)
Ignoring wrong pointing object 871 0 (offset 0)
Ignoring wrong pointing object 872 0 (offset 0)
Ignoring wrong pointing object 868 0 (offset 0)
Ignoring wrong pointing object 869 0 (offset 0)
Ignoring wrong pointing object 870 0 (offset 0)
Ignoring wrong pointing object 871 0 (offset 0)
Ignoring wrong pointing object 872 0 (offset 0)
Ignoring wrong pointing object 868 0 (offset 0)
Ignoring wrong pointing object 869 0 (offset 0)
Ignoring wrong pointing object 870 0 (offset 0)
Ignoring wrong pointing object 871 0 (offset 0)
Ignoring wrong pointing object 872 0 (offset 0)
Ignoring wrong pointing object 868 0 (offset 0)
Ignoring wrong pointing object 869 0 (offset 0)
Ignoring wrong pointing object 870 0 (offset 0)
Ignoring wrong pointing object 871 0 (offset 0)
Ignoring wrong pointing object 872 0 (offset 0)
Ignoring wrong pointing object 868 0 (offset 0)
Ignoring wrong pointing object 869 0 (offset 0)
Ignoring wrong pointing object 870 0 (offset 0)
Ignoring wrong pointing object 871 0 (offset 0)
Ignoring wrong pointing object 872 0 (offset 0)
Ignoring wrong pointing object 868 0 (offset 0)
Ignoring wrong pointing object 869 0 (offset 0)
Ignoring wrong pointing object 870 0 (offset 0)
Ignoring wrong pointing object 871 0 (offset 0)
Ignoring wrong pointing object 872 0 (offset 0)
Ignoring wrong pointing object 868 0 (offset 0)
Ignoring wrong pointing object 869 0 (offset 0)
Ignoring wrong pointing object 870 0 (offset 0)
Ignoring wrong pointing object 871 0 (offset 0)
Ignoring wrong pointing object 872 0 (offset 0)
Ignoring wrong pointing object 868 0 (offset 0)
Ignoring wrong pointing object 869 0 (offset 0)
Ignoring wrong pointing object 870 0 (offset 0)
Ignoring wrong pointing object 871 0 (offset 0)
Ignoring wrong pointing object 872 0 (offset 0)
202204_5836_AI3 富邦: T~  O~  A✅
202204_5841_AI3 中信: T✅  O✅  A✅
202204_5843_AI3 兆豐: T✅  O~  A✅
Ignoring wrong pointing object 760 0 (offset 0)
Ignoring wrong pointing object 761 0 (offset 0)
Ignoring wrong pointing object 762 0 (offset 0)
Ignoring wrong pointing object 763 0 (offset 0)
Ignoring wrong pointing object 760 0 (offset 0)
Ignoring wrong pointing object 761 0 (offset 0)
Ignoring wrong pointing object 762 0 (offset 0)
Ignoring wrong pointing object 763 0 (offset 0)
Ignoring wrong pointing object 760 0 (offset 0)
Ignoring wrong pointing object 761 0 (offset 0)
Ignoring wrong pointing object 762 0 (offset 0)
Ignoring wrong pointing object 763 0 (offset 0)
Ignoring wrong pointing object 760 0 (offset 0)
Ignoring wrong pointing object 761 0 (offset 0)
Ignoring wrong pointing object 762 0 (offset 0)
Ignoring wrong pointing object 763 0 (offset 0)
Ignoring wrong pointing object 760 0 (offset 0)
Ignoring wrong pointing object 761 0 (offset 0)
Ignoring wrong pointing object 762 0 (offset 0)
Ignoring wrong pointing object 763 0 (offset 0)
Ignoring wrong pointing object 760 0 (offset 0)
Ignoring wrong pointing object 761 0 (offset 0)
Ignoring wrong pointing object 762 0 (offset 0)
Ignoring wrong pointing object 763 0 (offset 0)
Ignoring wrong pointing object 760 0 (offset 0)
Ignoring wrong pointing object 761 0 (offset 0)
Ignoring wrong pointing object 762 0 (offset 0)
Ignoring wrong pointing object 763 0 (offset 0)
Ignoring wrong pointing object 760 0 (offset 0)
Ignoring wrong pointing object 761 0 (offset 0)
Ignoring wrong pointing object 762 0 (offset 0)
Ignoring wrong pointing object 763 0 (offset 0)
Ignoring wrong pointing object 760 0 (offset 0)
Ignoring wrong pointing object 761 0 (offset 0)
Ignoring wrong pointing object 762 0 (offset 0)
Ignoring wrong pointing object 763 0 (offset 0)
202204_5847_AI3 玉山: T~  O~  A✅
202301_5841_AI1 中信: T✅  O✅  A✅
202302_5835_AI3 國泰: T✅  O✅  A✅
202302_5836_AI3 富邦: T✅  O✅  A✅
202302_5841_AI1 中信: T✅  O✅  A✅
202302_5841_AI3 中信: T✅  O✅  A✅
202302_5843_AI3 兆豐: T✅  O✅  A✅
202302_5847_AI3 玉山: T✅  O✅  A✅
202303_5841_AI1 中信: T✅  O✅  A✅
202304_5835_AI3 國泰: T✅  O~  A✅
202304_5836_AI3 富邦: T~  O✅  A~
202304_5841_AI1 中信: T✅  O✅  A✅
202304_5841_AI3 中信: T~  O✅  A✅
202304_5843_AI3 兆豐: T✅  O✅  A✅
202304_5847_AI3 玉山: T~  O~  A✅
202401_5841_AI1 中信: T✅  O✅  A✅
202402_5835_AI3 國泰: T✅  O✅  A✅
202402_5836_AI3 富邦: T✅  O✅  A✅
202402_5841_AI1 中信: T✅  O✅  A✅
202402_5841_AI3 中信: T✅  O✅  A✅
202402_5843_AI3 兆豐: T✅  O✅  A✅
202402_5847_AI3 玉山: T✅  O✅  A✅
202403_5841_AI1 中信: T✅  O✅  A✅
202404_5835_AI3 國泰: T✅  O~  A✅
202404_5836_AI3 富邦: T~  O~  A✅
202404_5841_AI1 中信: T✅  O✅  A✅
202404_5841_AI3 中信: T✅  O~  A✅
202404_5843_AI3 兆豐: T✅  O~  A✅
202404_5847_AI3 玉山: T~  O~  A✅
202501_5841_AI1 中信: T✅  O✅  A✅
202502_5835_AI3 國泰: T✅  O✅  A✅
202502_5836_AI3 富邦: T✅  O✅  A✅
202502_5841_AI1 中信: T✅  O✅  A✅
202502_5841_AI3 中信: T✅  O✅  A✅
202502_5843_AI3 兆豐: T✅  O✅  A✅
202502_5847_AI3 玉山: T✅  O✅  A✅
202503_5841_AI1 中信: T✅  O✅  A✅
202504_5835_AI3 國泰: T✅  O~  A✅
202504_5836_AI3 富邦: T~  O✅  A✅
202504_5841_AI1 中信: T✅  O✅  A✅
202504_5841_AI3 中信: T✅  O✅  A✅
202504_5843_AI3 兆豐: T✅  O~  A✅
202504_5847_AI3 玉山: T~  O~  A✅

通過 182/186 格
