ignore '/Perms' verify failed
ignore '/Perms' verify failed
ignore '/Perms' verify failed
ignore '/Perms' verify failed
ignore '/Perms' verify failed
ignore '/Perms' verify failed
ignore '/Perms' verify failed
ignore '/Perms' verify failed
ignore '/Perms' verify failed
ignore '/Perms' verify failed
ignore '/Perms' verify failed
ignore '/Perms' verify failed
ignore '/Perms' verify failed
ignore '/Perms' verify failed
ignore '/Perms' verify failed
ignore '/Perms' verify failed
ignore '/Perms' verify failed
ignore '/Perms' verify failed
ignore '/Perms' verify failed
ignore '/Perms' verify failed
ignore '/Perms' verify failed
ignore '/Perms' verify failed
ignore '/Perms' verify failed
ignore '/Perms' verify failed
ignore '/Perms' verify failed
ignore '/Perms' verify failed
ignore '/Perms' verify failed
ignore '/Perms' verify failed
ignore '/Perms' verify failed
ignore '/Perms' verify failed
ignore '/Perms' verify failed
ignore '/Perms' verify failed
ignore '/Perms' verify failed
ignore '/Perms' verify failed
ignore '/Perms' verify failed
ignore '/Perms' verify failed
ignore '/Perms' verify failed
ignore '/Perms' verify failed
ignore '/Perms' verify failed
ignore '/Perms' verify failed
ignore '/Perms' verify failed
ignore '/Perms' verify failed
ignore '/Perms' verify failed
ignore '/Perms' verify failed
ignore '/Perms' verify failed
ignore '/Perms' verify failed
ignore '/Perms' verify failed
ignore '/Perms' verify failed
ignore '/Perms' verify failed
ignore '/Perms' verify failed
ignore '/Perms' verify failed
ignore '/Perms' verify failed
ignore '/Perms' verify failed
ignore '/Perms' verify failed
ignore '/Perms' verify failed
ignore '/Perms' verify failed
ignore '/Perms' verify failed
ignore '/Perms' verify failed
ignore '/Perms' verify failed
ignore '/Perms' verify failed
ignore '/Perms' verify failed
ignore '/Perms' verify failed
ignore '/Perms' verify failed
ignore '/Perms' verify failed
ignore '/Perms' verify failed
ignore '/Perms' verify failed
ignore '/Perms' verify failed
ignore '/Perms' verify failed
ignore '/Perms' verify failed
ignore '/Perms' verify failed
ignore '/Perms' verify failed
ignore '/Perms' verify failed
ignore '/Perms' verify failed
ignore '/Perms' verify failed
ignore '/Perms' verify failed
ignore '/Perms' verify failed
ignore '/Perms' verify failed
ignore '/Perms' verify failed
ignore '/Perms' verify failed
ignore '/Perms' verify failed
批次 30 份

202302_5835_AI3 國泰: T✅  O✅  A✅
202302_5836_AI3 富邦: T✅  O✅  A✅
202302_5841_AI3 中信: T✅  O✅  A✅
202302_5843_AI3 兆豐: T✅  O✅  A✅
202302_5847_AI3 玉山: T✅  O✅  A✅
202304_5835_AI3 國泰: T❌cross  O~  A✅
202304_5836_AI3 富邦: T❌cross  O✅  A~
202304_5841_AI3 中信: T~  O✅  A✅
202304_5843_AI3 兆豐: T✅  O✅  A✅
202304_5847_AI3 玉山: T~  O~  A~
202402_5835_AI3 國泰: T✅  O✅  A✅
202402_5836_AI3 富邦: T✅  O✅  A✅
202402_5841_AI3 中信: T✅  O✅  A✅
202402_5843_AI3 兆豐: T✅  O✅  A✅
202402_5847_AI3 玉山: T✅  O✅  A✅
202404_5835_AI3 國泰: T❌cross  O~  A✅
202404_5836_AI3 富邦: T~  O~  A✅
202404_5841_AI3 中信: T✅  O~  A✅
202404_5843_AI3 兆豐: T✅  O~  A✅
202404_5847_AI3 玉山: T~  O~  A✅
202502_5835_AI3 國泰: T✅  O✅  A✅
202502_5836_AI3 富邦: T✅  O✅  A✅
202502_5841_AI3 中信: T✅  O✅  A✅
202502_5843_AI3 兆豐: T✅  O✅  A✅
202502_5847_AI3 玉山: T✅  O✅  A✅
202504_5835_AI3 國泰: T✅  O~  A✅
202504_5836_AI3 富邦: T~  O✅  A✅
202504_5841_AI3 中信: T✅  O✅  A✅
202504_5843_AI3 兆豐: T✅  O~  A✅
202504_5847_AI3 玉山: T~  O~  A✅

通過 87/90 格
